// Jest Snapshot v1, https://goo.gl/fbAQLP

exports[`<NewMilestoneButton /> is hidden when canManageLessonPlan is false 1`] = `
<Connect(InjectIntl(NewMilestoneButton))>
  <InjectIntl(NewMilestoneButton)
    canManageLessonPlan={false}
    dispatch={[Function]}
  >
    <NewMilestoneButton
      canManageLessonPlan={false}
      dispatch={[Function]}
      intl={
        Object {
          "defaultFormats": Object {},
          "defaultLocale": "en",
          "formatDate": [Function],
          "formatHTMLMessage": [Function],
          "formatMessage": [Function],
          "formatNumber": [Function],
          "formatPlural": [Function],
          "formatRelative": [Function],
          "formatTime": [Function],
          "formats": Object {},
          "formatters": Object {
            "getDateTimeFormat": [Function],
            "getMessageFormat": [Function],
            "getNumberFormat": [Function],
            "getPluralFormat": [Function],
            "getRelativeFormat": [Function],
          },
          "locale": "en",
          "messages": Object {},
          "now": [Function],
          "textComponent": "span",
        }
      }
    >
      <div />
    </NewMilestoneButton>
  </InjectIntl(NewMilestoneButton)>
</Connect(InjectIntl(NewMilestoneButton))>
`;
